warning: type `WindowsSource` is more private than the item `Socket::source`
   --> crates\maniac-runtime\src\net\event_loop.rs:143:5
    |
143 |     pub source: Option<WindowsSource>,
    |     ^^^^^^^^^^^^^^^^^^^^^^^^^^^^^^^^^ field `Socket::source` is reachable at visibility `pub`
    |
note: but type `WindowsSource` is only usable at visibility `pub(self)`
   --> crates\maniac-runtime\src\net\event_loop.rs:45:1
    |
 45 | enum WindowsSource {
    | ^^^^^^^^^^^^^^^^^^
    = note: `#[warn(private_interfaces)]` on by default

warning: type `sync::mpsc::Inner<T, P, NUM_SEGS_P2>` is more private than the item `sync::mpsc::Receiver::<T, P, NUM_SEGS_P2>::inner`
   --> crates\maniac-runtime\src\sync\mpsc.rs:547:5
    |
547 |     pub(crate) fn inner(&self) -> &Arc<Inner<T, P, NUM_SEGS_P2>> {
    |     ^^^^^^^^^^^^^^^^^^^^^^^^^^^^^^^^^^^^^^^^^^^^^^^^^^^^^^^^^^^^ method `sync::mpsc::Receiver::<T, P, NUM_SEGS_P2>::inner` is reachable at visibility `pub(crate)`
    |
note: but type `sync::mpsc::Inner<T, P, NUM_SEGS_P2>` is only usable at visibility `pub(self)`
   --> crates\maniac-runtime\src\sync\mpsc.rs:181:1
    |
181 | struct Inner<T, const P: usize, const NUM_SEGS_P2: usize> {
    | ^^^^^^^^^^^^^^^^^^^^^^^^^^^^^^^^^^^^^^^^^^^^^^^^^^^^^^^^^

warning: `maniac-runtime` (lib) generated 2 warnings
warning: unused import: `Executor`
 --> crates\maniac-runtime\tests\socket_opt_v2.rs:5:48
  |
5 | ...tExecutor, Executor};
  |               ^^^^^^^^
  |
  = note: `#[warn(unused_imports)]` (part of `#[warn(unused)]`) on by default

warning: unused import: `std::io`
 --> crates\maniac-runtime\tests\socket_opt_v2.rs:6:5
  |
6 | use std::io;
  |     ^^^^^^^

warning: unused import: `AsyncReadExt`
 --> crates\maniac-runtime\tests\socket_opt_v2.rs:1:19
  |
1 | use futures::io::{AsyncReadExt, A...
  |                   ^^^^^^^^^^^^

warning: unused import: `AsyncWriteExt`
 --> crates\maniac-runtime\tests\socket_opt_v2.rs:1:33
  |
1 | ...eadExt, AsyncWriteExt};
  |            ^^^^^^^^^^^^^

warning: `maniac-runtime` (test "socket_opt_v2") generated 4 warnings (run `cargo fix --test "socket_opt_v2" -p maniac-runtime` to apply 2 suggestions)
    Finished `test` profile [unoptimized + debuginfo] target(s) in 0.69s
     Running tests\socket_opt_v2.rs (target\debug\deps\socket_opt_v2-d44511f454e30f9b.exe)

running 1 test
Blocking on main task...
[Supervisor] Rebalanced 2 leaves across 2 active workers
[Supervisor] Rebalanced 2 leaves across 2 active workers
DuplicateHandle succeeded, handle: 0xb4
DuplicateHandle succeeded, handle: 0x10c
[Supervisor] Rebalanced 2 leaves across 2 active workers
[Supervisor] Rebalanced 2 leaves across 2 active workers
[Supervisor] Rebalanced 2 leaves across 2 active workers
[Supervisor] Rebalanced 2 leaves across 2 active workers
[Supervisor] Rebalanced 2 leaves across 2 active workers
[Supervisor] Rebalanced 2 leaves across 2 active workers
[Supervisor] Rebalanced 2 leaves across 2 active workers
[Supervisor] Rebalanced 2 leaves across 2 active workers
[Supervisor] Rebalanced 2 leaves across 2 active workers
[Supervisor] Rebalanced 2 leaves across 2 active workers
[Supervisor] Rebalanced 2 leaves across 2 active workers
[Supervisor] Rebalanced 2 leaves across 2 active workers
[Supervisor] Rebalanced 2 leaves across 2 active workers
[Supervisor] Rebalanced 2 leaves across 2 active workers
[Supervisor] Rebalanced 2 leaves across 2 active workers
[Supervisor] Rebalanced 2 leaves across 2 active workers
[Supervisor] Rebalanced 2 leaves across 2 active workers
[Supervisor] Rebalanced 2 leaves across 2 active workers
[Supervisor] Rebalanced 2 leaves across 2 active workers
[Supervisor] Rebalanced 2 leaves across 2 active workers
[Supervisor] Rebalanced 2 leaves across 2 active workers
[Supervisor] Rebalanced 2 leaves across 2 active workers
[Supervisor] Rebalanced 2 leaves across 2 active workers
[Supervisor] Rebalanced 2 leaves across 2 active workers
[Supervisor] Rebalanced 2 leaves across 2 active workers
[Supervisor] Rebalanced 2 leaves across 2 active workers
[Supervisor] Rebalanced 2 leaves across 2 active workers
[Supervisor] Rebalanced 2 leaves across 2 active workers
[Supervisor] Rebalanced 2 leaves across 2 active workers
[Supervisor] Rebalanced 2 leaves across 2 active workers
[Supervisor] Rebalanced 2 leaves across 2 active workers
[Supervisor] Rebalanced 2 leaves across 2 active workers
[Supervisor] Rebalanced 2 leaves across 2 active workers
[Supervisor] Rebalanced 2 leaves across 2 active workers
[Supervisor] Rebalanced 2 leaves across 2 active workers
[Supervisor] Rebalanced 2 leaves across 2 active workers
[Supervisor] Rebalanced 2 leaves across 2 active workers
[Supervisor] Rebalanced 2 leaves across 2 active workers
[Supervisor] Rebalanced 2 leaves across 2 active workers
[Supervisor] Rebalanced 2 leaves across 2 active workers
[Supervisor] Rebalanced 2 leaves across 2 active workers
[Supervisor] Rebalanced 2 leaves across 2 active workers
[Supervisor] Rebalanced 2 leaves across 2 active workers
[Supervisor] Rebalanced 2 leaves across 2 active workers
[Supervisor] Rebalanced 2 leaves across 2 active workers
[Supervisor] Rebalanced 2 leaves across 2 active workers
[Supervisor] Rebalanced 2 leaves across 2 active workers
[Supervisor] Rebalanced 2 leaves across 2 active workers
[Supervisor] Rebalanced 2 leaves across 2 active workers
[Supervisor] Rebalanced 2 leaves across 2 active workers
[Supervisor] Rebalanced 2 leaves across 2 active workers
[Supervisor] Rebalanced 2 leaves across 2 active workers
[Supervisor] Rebalanced 2 leaves across 2 active workers
[Supervisor] Rebalanced 2 leaves across 2 active workers
[Supervisor] Rebalanced 2 leaves across 2 active workers
[Supervisor] Rebalanced 2 leaves across 2 active workers
[Supervisor] Rebalanced 2 leaves across 2 active workers
test test_socket_optimization_flow has been running for over 60 seconds
[Supervisor] Rebalanced 2 leaves across 2 active workers
[Supervisor] Rebalanced 2 leaves across 2 active workers
[Supervisor] Rebalanced 2 leaves across 2 active workers
[Supervisor] Rebalanced 2 leaves across 2 active workers
[Supervisor] Rebalanced 2 leaves across 2 active workers
[Supervisor] Rebalanced 2 leaves across 2 active workers
[Supervisor] Rebalanced 2 leaves across 2 active workers
[Supervisor] Rebalanced 2 leaves across 2 active workers
[Supervisor] Rebalanced 2 leaves across 2 active workers
[Supervisor] Rebalanced 2 leaves across 2 active workers
[Supervisor] Rebalanced 2 leaves across 2 active workers
[Supervisor] Rebalanced 2 leaves across 2 active workers
[Supervisor] Rebalanced 2 leaves across 2 active workers
[Supervisor] Rebalanced 2 leaves across 2 active workers
[Supervisor] Rebalanced 2 leaves across 2 active workers
[Supervisor] Rebalanced 2 leaves across 2 active workers
[Supervisor] Rebalanced 2 leaves across 2 active workers
[Supervisor] Rebalanced 2 leaves across 2 active workers
[Supervisor] Rebalanced 2 leaves across 2 active workers
[Supervisor] Rebalanced 2 leaves across 2 active workers
[Supervisor] Rebalanced 2 leaves across 2 active workers
[Supervisor] Rebalanced 2 leaves across 2 active workers
[Supervisor] Rebalanced 2 leaves across 2 active workers
[Supervisor] Rebalanced 2 leaves across 2 active workers
[Supervisor] Rebalanced 2 leaves across 2 active workers
[Supervisor] Rebalanced 2 leaves across 2 active workers
[Supervisor] Rebalanced 2 leaves across 2 active workers
[Supervisor] Rebalanced 2 leaves across 2 active workers
[Supervisor] Rebalanced 2 leaves across 2 active workers
[Supervisor] Rebalanced 2 leaves across 2 active workers
[Supervisor] Rebalanced 2 leaves across 2 active workers
[Supervisor] Rebalanced 2 leaves across 2 active workers
[Supervisor] Rebalanced 2 leaves across 2 active workers
